###############################################################################
#
# IAR ELF Linker V8.40.1.212/W32 for ARM                  31/Mar/2020  16:25:58
# Copyright 2007-2019 IAR Systems AB.
#
#    Output file  =
#        E:\CUBEMX\DMA\LINE-1
#        COPY\EWARM\DMA-IDLE_LINE-1\Exe\DMA-IDLE_LINE-1.out
#    Map file     =
#        E:\CUBEMX\DMA\LINE-1
#        COPY\EWARM\DMA-IDLE_LINE-1\List\DMA-IDLE_LINE-1.map
#    Command line =
#        -f C:\Users\shalini\AppData\Local\Temp\EW2A84.tmp
#        ("E:\CUBEMX\DMA\LINE-1 COPY\EWARM\DMA-IDLE_LINE-1\Obj\DMA_CIRCULAR.o"
#        "E:\CUBEMX\DMA\LINE-1 COPY\EWARM\DMA-IDLE_LINE-1\Obj\main.o"
#        "E:\CUBEMX\DMA\LINE-1
#        COPY\EWARM\DMA-IDLE_LINE-1\Obj\startup_stm32f446xx.o"
#        "E:\CUBEMX\DMA\LINE-1 COPY\EWARM\DMA-IDLE_LINE-1\Obj\stm32f4xx_hal.o"
#        "E:\CUBEMX\DMA\LINE-1
#        COPY\EWARM\DMA-IDLE_LINE-1\Obj\stm32f4xx_hal_cortex.o"
#        "E:\CUBEMX\DMA\LINE-1
#        COPY\EWARM\DMA-IDLE_LINE-1\Obj\stm32f4xx_hal_dma.o"
#        "E:\CUBEMX\DMA\LINE-1
#        COPY\EWARM\DMA-IDLE_LINE-1\Obj\stm32f4xx_hal_dma_ex.o"
#        "E:\CUBEMX\DMA\LINE-1
#        COPY\EWARM\DMA-IDLE_LINE-1\Obj\stm32f4xx_hal_exti.o"
#        "E:\CUBEMX\DMA\LINE-1
#        COPY\EWARM\DMA-IDLE_LINE-1\Obj\stm32f4xx_hal_flash.o"
#        "E:\CUBEMX\DMA\LINE-1
#        COPY\EWARM\DMA-IDLE_LINE-1\Obj\stm32f4xx_hal_flash_ex.o"
#        "E:\CUBEMX\DMA\LINE-1
#        COPY\EWARM\DMA-IDLE_LINE-1\Obj\stm32f4xx_hal_flash_ramfunc.o"
#        "E:\CUBEMX\DMA\LINE-1
#        COPY\EWARM\DMA-IDLE_LINE-1\Obj\stm32f4xx_hal_gpio.o"
#        "E:\CUBEMX\DMA\LINE-1
#        COPY\EWARM\DMA-IDLE_LINE-1\Obj\stm32f4xx_hal_msp.o"
#        "E:\CUBEMX\DMA\LINE-1
#        COPY\EWARM\DMA-IDLE_LINE-1\Obj\stm32f4xx_hal_pwr.o"
#        "E:\CUBEMX\DMA\LINE-1
#        COPY\EWARM\DMA-IDLE_LINE-1\Obj\stm32f4xx_hal_pwr_ex.o"
#        "E:\CUBEMX\DMA\LINE-1
#        COPY\EWARM\DMA-IDLE_LINE-1\Obj\stm32f4xx_hal_rcc.o"
#        "E:\CUBEMX\DMA\LINE-1
#        COPY\EWARM\DMA-IDLE_LINE-1\Obj\stm32f4xx_hal_rcc_ex.o"
#        "E:\CUBEMX\DMA\LINE-1
#        COPY\EWARM\DMA-IDLE_LINE-1\Obj\stm32f4xx_hal_tim.o"
#        "E:\CUBEMX\DMA\LINE-1
#        COPY\EWARM\DMA-IDLE_LINE-1\Obj\stm32f4xx_hal_tim_ex.o"
#        "E:\CUBEMX\DMA\LINE-1
#        COPY\EWARM\DMA-IDLE_LINE-1\Obj\stm32f4xx_hal_uart.o"
#        "E:\CUBEMX\DMA\LINE-1 COPY\EWARM\DMA-IDLE_LINE-1\Obj\stm32f4xx_it.o"
#        "E:\CUBEMX\DMA\LINE-1
#        COPY\EWARM\DMA-IDLE_LINE-1\Obj\system_stm32f4xx.o" --redirect
#        _Printf=_PrintfFull --redirect _Scanf=_ScanfFull --no_out_extension -o
#        "E:\CUBEMX\DMA\LINE-1
#        COPY\EWARM\DMA-IDLE_LINE-1\Exe\DMA-IDLE_LINE-1.out" --map
#        "E:\CUBEMX\DMA\LINE-1
#        COPY\EWARM\DMA-IDLE_LINE-1\List\DMA-IDLE_LINE-1.map" --config
#        "E:\CUBEMX\DMA\LINE-1 COPY\EWARM/stm32f446xx_flash.icf" --semihosting
#        --entry __iar_program_start --vfe --text_out locale)
#
###############################################################################

*******************************************************************************
*** RUNTIME MODEL ATTRIBUTES
***

CppFlavor       = *
__SystemLibrary = DLib
__dlib_version  = 6


*******************************************************************************
*** HEAP SELECTION
***

The basic heap was selected because no calls to memory allocation
functions were found in the application outside of system library
functions, and there are calls to deallocation functions in the
application.


*******************************************************************************
*** PLACEMENT SUMMARY
***

"A0":  place at address 0x800'0000 { ro section .intvec };
"P1":  place in [from 0x800'0000 to 0x807'ffff] { ro };
define block CSTACK with size = 1K, alignment = 8 { };
define block HEAP with size = 512, alignment = 8 { };
"P2":  place in [from 0x2000'0000 to 0x2001'ffff] {
          rw, block CSTACK, block HEAP };
initialize by copy { rw };

  Section            Kind         Address    Size  Object
  -------            ----         -------    ----  ------
"A0":                                       0x1c4
  .intvec            ro code   0x800'0000   0x1c4  startup_stm32f446xx.o [1]
                             - 0x800'01c4   0x1c4

"P1":                                      0x15f8
  .text              ro code   0x800'01c4   0x3e8  DMA_CIRCULAR.o [1]
  .text              ro code   0x800'05ac    0x18  ABImemcpy_small.o [4]
  .text              ro code   0x800'05c4   0x3bc  stm32f4xx_hal_uart.o [1]
  .text              ro code   0x800'0980    0x34  stm32f4xx_hal.o [1]
  .text              ro code   0x800'09b4   0x1d4  stm32f4xx_hal_gpio.o [1]
  .text              ro code   0x800'0b88    0xc4  stm32f4xx_hal_cortex.o [1]
  .text              ro code   0x800'0c4c     0x6  ABImemclr4.o [4]
  .text              ro code   0x800'0c52    0x3a  zero_init3.o [4]
  .text              ro code   0x800'0c8c   0x390  stm32f4xx_hal_rcc_ex.o [1]
  .text              ro code   0x800'101c    0x78  stm32f4xx_hal_pwr_ex.o [1]
  .text              ro code   0x800'1094   0x14c  stm32f4xx_hal_rcc.o [1]
  .text              ro code   0x800'11e0   0x1a4  stm32f4xx_hal_dma.o [1]
  .text              ro code   0x800'1384    0x10  stm32f4xx_hal.o [1]
  .text              ro code   0x800'1394     0xc  stm32f4xx_hal.o [1]
  .text              ro code   0x800'13a0     0x2  stm32f4xx_hal_uart.o [1]
  .text              ro code   0x800'13a2     0x2  stm32f4xx_hal_uart.o [1]
  .text              ro code   0x800'13a4     0x2  stm32f4xx_hal_uart.o [1]
  .text              ro code   0x800'13a6    0x2e  copy_init3.o [4]
  .text              ro code   0x800'13d4   0x106  I64DivMod_small.o [4]
  .text              ro code   0x800'14dc    0x40  stm32f4xx_hal.o [1]
  .text              ro code   0x800'151c    0x32  ABImemset48.o [4]
  .text              ro code   0x800'1550     0x2  I64DivZer.o [4]
  .text              ro code   0x800'1554    0x2c  system_stm32f4xx.o [1]
  .text              ro code   0x800'1580    0x28  data_init.o [4]
  .text              ro code   0x800'15a8    0x22  fpinit_M.o [3]
  .iar.init_table    const     0x800'15cc    0x24  - Linker created -
  .text              ro code   0x800'15f0    0x1e  cmain.o [4]
  .text              ro code   0x800'160e     0x4  low_level_init.o [2]
  .text              ro code   0x800'1612     0x4  exit.o [2]
  .text              ro code   0x800'1618     0xa  cexit.o [4]
  .text              ro code   0x800'1624    0x14  exit.o [5]
  .text              ro code   0x800'1638    0x10  startup_stm32f446xx.o [1]
  Initializer bytes  const     0x800'1648    0x10  <for P2-1>
  .text              ro code   0x800'1658     0xc  cstartup_M.o [4]
  .rodata            const     0x800'1664     0x8  system_stm32f4xx.o [1]
  .text              ro code   0x800'166c     0x4  startup_stm32f446xx.o [1]
  .text              ro code   0x800'1670     0x4  startup_stm32f446xx.o [1]
  .text              ro code   0x800'1674     0x4  startup_stm32f446xx.o [1]
  .text              ro code   0x800'1678     0x4  startup_stm32f446xx.o [1]
  .text              ro code   0x800'167c     0x4  startup_stm32f446xx.o [1]
  .text              ro code   0x800'1680     0x4  startup_stm32f446xx.o [1]
  .text              ro code   0x800'1684     0x4  startup_stm32f446xx.o [1]
  .text              ro code   0x800'1688     0x4  startup_stm32f446xx.o [1]
  .text              ro code   0x800'168c     0x4  startup_stm32f446xx.o [1]
  .text              ro code   0x800'1690     0x4  startup_stm32f446xx.o [1]
  .text              ro code   0x800'1694     0x4  startup_stm32f446xx.o [1]
  .text              ro code   0x800'1698     0x4  startup_stm32f446xx.o [1]
  .text              ro code   0x800'169c     0x4  startup_stm32f446xx.o [1]
  .text              ro code   0x800'16a0     0x4  startup_stm32f446xx.o [1]
  .text              ro code   0x800'16a4     0x4  startup_stm32f446xx.o [1]
  .text              ro code   0x800'16a8     0x4  startup_stm32f446xx.o [1]
  .text              ro code   0x800'16ac     0x4  startup_stm32f446xx.o [1]
  .text              ro code   0x800'16b0     0x4  startup_stm32f446xx.o [1]
  .text              ro code   0x800'16b4     0x4  startup_stm32f446xx.o [1]
  .text              ro code   0x800'16b8     0x4  startup_stm32f446xx.o [1]
  .text              ro code   0x800'16bc     0x4  startup_stm32f446xx.o [1]
  .text              ro code   0x800'16c0     0x4  startup_stm32f446xx.o [1]
  .text              ro code   0x800'16c4     0x4  startup_stm32f446xx.o [1]
  .text              ro code   0x800'16c8     0x4  startup_stm32f446xx.o [1]
  .text              ro code   0x800'16cc     0x4  startup_stm32f446xx.o [1]
  .text              ro code   0x800'16d0     0x4  startup_stm32f446xx.o [1]
  .text              ro code   0x800'16d4     0x4  startup_stm32f446xx.o [1]
  .text              ro code   0x800'16d8     0x4  startup_stm32f446xx.o [1]
  .text              ro code   0x800'16dc     0x4  startup_stm32f446xx.o [1]
  .text              ro code   0x800'16e0     0x4  startup_stm32f446xx.o [1]
  .text              ro code   0x800'16e4     0x4  startup_stm32f446xx.o [1]
  .text              ro code   0x800'16e8     0x4  startup_stm32f446xx.o [1]
  .text              ro code   0x800'16ec     0x4  startup_stm32f446xx.o [1]
  .text              ro code   0x800'16f0     0x4  startup_stm32f446xx.o [1]
  .text              ro code   0x800'16f4     0x4  startup_stm32f446xx.o [1]
  .text              ro code   0x800'16f8     0x4  startup_stm32f446xx.o [1]
  .text              ro code   0x800'16fc     0x4  startup_stm32f446xx.o [1]
  .text              ro code   0x800'1700     0x4  startup_stm32f446xx.o [1]
  .text              ro code   0x800'1704     0x4  startup_stm32f446xx.o [1]
  .text              ro code   0x800'1708     0x4  startup_stm32f446xx.o [1]
  .text              ro code   0x800'170c     0x4  startup_stm32f446xx.o [1]
  .text              ro code   0x800'1710     0x4  startup_stm32f446xx.o [1]
  .text              ro code   0x800'1714     0x4  startup_stm32f446xx.o [1]
  .text              ro code   0x800'1718     0x4  startup_stm32f446xx.o [1]
  .text              ro code   0x800'171c     0x4  startup_stm32f446xx.o [1]
  .text              ro code   0x800'1720     0x4  startup_stm32f446xx.o [1]
  .text              ro code   0x800'1724     0x4  startup_stm32f446xx.o [1]
  .text              ro code   0x800'1728     0x4  startup_stm32f446xx.o [1]
  .text              ro code   0x800'172c     0x4  startup_stm32f446xx.o [1]
  .text              ro code   0x800'1730     0x4  startup_stm32f446xx.o [1]
  .text              ro code   0x800'1734     0x4  startup_stm32f446xx.o [1]
  .text              ro code   0x800'1738     0x4  startup_stm32f446xx.o [1]
  .text              ro code   0x800'173c     0x4  startup_stm32f446xx.o [1]
  .text              ro code   0x800'1740     0x4  startup_stm32f446xx.o [1]
  .text              ro code   0x800'1744     0x4  startup_stm32f446xx.o [1]
  .text              ro code   0x800'1748     0x4  startup_stm32f446xx.o [1]
  .text              ro code   0x800'174c     0x4  startup_stm32f446xx.o [1]
  .text              ro code   0x800'1750     0x4  startup_stm32f446xx.o [1]
  .text              ro code   0x800'1754     0x4  startup_stm32f446xx.o [1]
  .text              ro code   0x800'1758     0x4  startup_stm32f446xx.o [1]
  .text              ro code   0x800'175c     0x4  startup_stm32f446xx.o [1]
  .text              ro code   0x800'1760     0x4  startup_stm32f446xx.o [1]
  .text              ro code   0x800'1764     0x4  startup_stm32f446xx.o [1]
  .text              ro code   0x800'1768     0x4  startup_stm32f446xx.o [1]
  .text              ro code   0x800'176c     0x4  startup_stm32f446xx.o [1]
  .text              ro code   0x800'1770     0x4  startup_stm32f446xx.o [1]
  .text              ro code   0x800'1774     0x4  startup_stm32f446xx.o [1]
  .text              ro code   0x800'1778     0x4  startup_stm32f446xx.o [1]
  .text              ro code   0x800'177c     0x4  startup_stm32f446xx.o [1]
  .text              ro code   0x800'1780     0x4  startup_stm32f446xx.o [1]
  .text              ro code   0x800'1784     0x4  startup_stm32f446xx.o [1]
  .text              ro code   0x800'1788     0x4  startup_stm32f446xx.o [1]
  .text              ro code   0x800'178c     0x4  startup_stm32f446xx.o [1]
  .text              ro code   0x800'1790     0x4  startup_stm32f446xx.o [1]
  .text              ro code   0x800'1794     0x4  startup_stm32f446xx.o [1]
  .text              ro code   0x800'1798     0x4  startup_stm32f446xx.o [1]
  .text              ro code   0x800'179c     0x4  startup_stm32f446xx.o [1]
  .text              ro code   0x800'17a0     0x4  startup_stm32f446xx.o [1]
  .text              ro code   0x800'17a4     0x4  startup_stm32f446xx.o [1]
  .text              ro code   0x800'17a8     0x4  startup_stm32f446xx.o [1]
  .text              ro code   0x800'17ac     0x4  startup_stm32f446xx.o [1]
  .text              ro code   0x800'17b0     0x4  startup_stm32f446xx.o [1]
  .text              ro code   0x800'17b4     0x4  startup_stm32f446xx.o [1]
  .text              ro code   0x800'17b8     0x4  startup_stm32f446xx.o [1]
  .rodata            const     0x800'17bc     0x0  zero_init3.o [4]
  .rodata            const     0x800'17bc     0x0  copy_init3.o [4]
                             - 0x800'17bc  0x15f8

"P2", part 1 of 3:                           0x10
  P2-1                        0x2000'0000    0x10  <Init block>
    .data            inited   0x2000'0000     0xc  stm32f4xx_hal.o [1]
    .data            inited   0x2000'000c     0x4  system_stm32f4xx.o [1]
                            - 0x2000'0010    0x10

"P2", part 2 of 3:                          0x230
  .bss               zero     0x2000'0010   0x150  DMA_CIRCULAR.o [1]
  .bss               zero     0x2000'0160    0xe0  DMA_CIRCULAR.o [1]
                            - 0x2000'0240   0x230

"P2", part 3 of 3:                          0x400
  CSTACK                      0x2000'0240   0x400  <Block>
    CSTACK           uninit   0x2000'0240   0x400  <Block tail>
                            - 0x2000'0640   0x400

Unused ranges:

         From           To      Size
         ----           --      ----
   0x800'17bc   0x807'ffff  0x7'e844
  0x2000'0640  0x2001'ffff  0x1'f9c0


*******************************************************************************
*** INIT TABLE
***

          Address      Size
          -------      ----
Zero (__iar_zero_init3)
    1 destination range, total size 0x230:
          0x2000'0010  0x230

Copy (__iar_copy_init3)
    1 source range, total size 0x10:
           0x800'1648   0x10
    1 destination range, total size 0x10:
          0x2000'0000   0x10



*******************************************************************************
*** MODULE SUMMARY
***

    Module                  ro code  ro data  rw data
    ------                  -------  -------  -------
command line/config:
    -------------------------------------------------
    Total:

E:\CUBEMX\DMA\LINE-1 COPY\EWARM\DMA-IDLE_LINE-1\Obj: [1]
    DMA_CIRCULAR.o            1'000               560
    startup_stm32f446xx.o       804
    stm32f4xx_hal.o             144       12       12
    stm32f4xx_hal_cortex.o      196
    stm32f4xx_hal_dma.o         420
    stm32f4xx_hal_gpio.o        468
    stm32f4xx_hal_pwr_ex.o      120
    stm32f4xx_hal_rcc.o         332
    stm32f4xx_hal_rcc_ex.o      912
    stm32f4xx_hal_uart.o        962
    system_stm32f4xx.o           44       12        4
    -------------------------------------------------
    Total:                    5'402       24      576

dl7M_tln.a: [2]
    exit.o                        4
    low_level_init.o              4
    -------------------------------------------------
    Total:                        8

m7M_tls.a: [3]
    fpinit_M.o                   34
    -------------------------------------------------
    Total:                       34

rt7M_tl.a: [4]
    ABImemclr4.o                  6
    ABImemcpy_small.o            24
    ABImemset48.o                50
    I64DivMod_small.o           262
    I64DivZer.o                   2
    cexit.o                      10
    cmain.o                      30
    copy_init3.o                 46
    cstartup_M.o                 12
    data_init.o                  40
    zero_init3.o                 58
    -------------------------------------------------
    Total:                      540

shb_l.a: [5]
    exit.o                       20
    -------------------------------------------------
    Total:                       20

    Gaps                         10        2
    Linker created                        36    1'024
-----------------------------------------------------
    Grand Total:              6'014       62    1'600


*******************************************************************************
*** ENTRY LIST
***

Entry                       Address   Size  Type      Object
-----                       -------   ----  ----      ------
.iar.init_table$$Base    0x800'15cc          --   Gb  - Linker created -
.iar.init_table$$Limit   0x800'15f0          --   Gb  - Linker created -
?main                    0x800'15f1         Code  Gb  cmain.o [4]
AHBPrescTable            0x800'1570   0x10  Data  Gb  system_stm32f4xx.o [1]
APBPrescTable            0x800'1664    0x8  Data  Gb  system_stm32f4xx.o [1]
BusFault_Handler         0x800'0555    0x2  Code  Gb  DMA_CIRCULAR.o [1]
CSTACK$$Base            0x2000'0240          --   Gb  - Linker created -
CSTACK$$Limit           0x2000'0640          --   Gb  - Linker created -
DMA1_Stream5_IRQHandler
                         0x800'0563    0x4  Code  Gb  DMA_CIRCULAR.o [1]
DMA_CalcBaseAndBitshift
                         0x800'1355   0x26  Code  Lc  stm32f4xx_hal_dma.o [1]
DMA_CalcBaseAndBitshift::flagBitshiftOffset
                         0x800'137c    0x8  Data  Lc  stm32f4xx_hal_dma.o [1]
DMA_IrqHandler           0x800'01e3   0xba  Code  Gb  DMA_CIRCULAR.o [1]
DMA_RX_Buffer           0x2000'0200   0x40  Data  Gb  DMA_CIRCULAR.o [1]
DMA_SetConfig            0x800'1335   0x20  Code  Lc  stm32f4xx_hal_dma.o [1]
DebugMon_Handler         0x800'055b    0x2  Code  Gb  DMA_CIRCULAR.o [1]
Error_Handler            0x800'0465   0x10  Code  Gb  DMA_CIRCULAR.o [1]
HAL_DMA_Init             0x800'11e1   0xee  Code  Gb  stm32f4xx_hal_dma.o [1]
HAL_DMA_Start_IT         0x800'12cf   0x62  Code  Gb  stm32f4xx_hal_dma.o [1]
HAL_GPIO_Init            0x800'09b5  0x1a4  Code  Gb  stm32f4xx_hal_gpio.o [1]
HAL_GPIO_WritePin        0x800'0b59    0x8  Code  Gb  stm32f4xx_hal_gpio.o [1]
HAL_GetTick              0x800'1395    0xc  Code  Wk  stm32f4xx_hal.o [1]
HAL_IncTick              0x800'1385   0x10  Code  Wk  stm32f4xx_hal.o [1]
HAL_Init                 0x800'0981   0x30  Code  Gb  stm32f4xx_hal.o [1]
HAL_InitTick             0x800'14dd   0x40  Code  Wk  stm32f4xx_hal.o [1]
HAL_MspInit              0x800'0475   0x34  Code  Gb  DMA_CIRCULAR.o [1]
HAL_NVIC_EnableIRQ       0x800'0bf7   0x16  Code  Gb  stm32f4xx_hal_cortex.o [1]
HAL_NVIC_SetPriority     0x800'0bbd   0x3a  Code  Gb  stm32f4xx_hal_cortex.o [1]
HAL_NVIC_SetPriorityGrouping
                         0x800'0ba3   0x1a  Code  Gb  stm32f4xx_hal_cortex.o [1]
HAL_PWREx_EnableOverDrive
                         0x800'101d   0x48  Code  Gb  stm32f4xx_hal_pwr_ex.o [1]
HAL_RCC_ClockConfig      0x800'1095  0x100  Code  Gb  stm32f4xx_hal_rcc.o [1]
HAL_RCC_GetPCLK1Freq     0x800'11a1   0x10  Code  Gb  stm32f4xx_hal_rcc.o [1]
HAL_RCC_GetPCLK2Freq     0x800'11b1    0xe  Code  Gb  stm32f4xx_hal_rcc.o [1]
HAL_RCC_GetSysClockFreq
                         0x800'0c95   0x7a  Code  Gb  stm32f4xx_hal_rcc_ex.o [1]
HAL_RCC_OscConfig        0x800'0d1f  0x2ce  Code  Gb  stm32f4xx_hal_rcc_ex.o [1]
HAL_SYSTICK_Config       0x800'0c0d   0x28  Code  Gb  stm32f4xx_hal_cortex.o [1]
HAL_UART_Init            0x800'05c5   0x1e  Code  Gb  stm32f4xx_hal_uart.o [1]
HAL_UART_MspInit         0x800'04a9   0xa6  Code  Gb  DMA_CIRCULAR.o [1]
HAL_UART_Receive_DMA     0x800'06ed   0x92  Code  Gb  stm32f4xx_hal_uart.o [1]
HAL_UART_Transmit        0x800'063b   0xaa  Code  Gb  stm32f4xx_hal_uart.o [1]
HardFault_Handler        0x800'0551    0x2  Code  Gb  DMA_CIRCULAR.o [1]
MemManage_Handler        0x800'0553    0x2  Code  Gb  DMA_CIRCULAR.o [1]
NMI_Handler              0x800'054f    0x2  Code  Gb  DMA_CIRCULAR.o [1]
PendSV_Handler           0x800'055d    0x2  Code  Gb  DMA_CIRCULAR.o [1]
Region$$Table$$Base      0x800'15cc          --   Gb  - Linker created -
Region$$Table$$Limit     0x800'15f0          --   Gb  - Linker created -
SVC_Handler              0x800'0559    0x2  Code  Gb  DMA_CIRCULAR.o [1]
SysTick_Handler          0x800'055f    0x4  Code  Gb  DMA_CIRCULAR.o [1]
SystemClock_Config       0x800'03b9   0xa4  Code  Gb  DMA_CIRCULAR.o [1]
SystemCoreClock         0x2000'000c    0x4  Data  Gb  system_stm32f4xx.o [1]
SystemInit               0x800'1555   0x14  Code  Gb  system_stm32f4xx.o [1]
UART_Buffer             0x2000'0020  0x100  Data  Gb  DMA_CIRCULAR.o [1]
UART_DMAError            0x800'07c1   0x4a  Code  Lc  stm32f4xx_hal_uart.o [1]
UART_DMAReceiveCplt      0x800'0781   0x38  Code  Lc  stm32f4xx_hal_uart.o [1]
UART_DMARxHalfCplt       0x800'07b9    0x6  Code  Lc  stm32f4xx_hal_uart.o [1]
UART_EndRxTransfer       0x800'0881   0x1c  Code  Lc  stm32f4xx_hal_uart.o [1]
UART_EndTxTransfer       0x800'086f   0x12  Code  Lc  stm32f4xx_hal_uart.o [1]
UART_SetConfig           0x800'089d   0xca  Code  Lc  stm32f4xx_hal_uart.o [1]
UART_WaitOnFlagUntilTimeout
                         0x800'080b   0x56  Code  Lc  stm32f4xx_hal_uart.o [1]
USART2_IRQHandler        0x800'0567    0x8  Code  Gb  DMA_CIRCULAR.o [1]
USART_IrqHandler         0x800'01c5   0x1e  Code  Gb  DMA_CIRCULAR.o [1]
UsageFault_Handler       0x800'0557    0x2  Code  Gb  DMA_CIRCULAR.o [1]
Write                   0x2000'0010    0x4  Data  Gb  DMA_CIRCULAR.o [1]
__NVIC_SetPriority       0x800'0b89   0x1a  Code  Lc  stm32f4xx_hal_cortex.o [1]
__aeabi_ldiv0            0x800'1551         Code  Gb  I64DivZer.o [4]
__aeabi_memclr4          0x800'0c4d         Code  Gb  ABImemclr4.o [4]
__cmain                  0x800'15f1         Code  Gb  cmain.o [4]
__exit                   0x800'1625   0x14  Code  Gb  exit.o [5]
__iar_Memset4_word       0x800'151d         Code  Gb  ABImemset48.o [4]
__iar_Memset8_word       0x800'151d         Code  Gb  ABImemset48.o [4]
__iar_copy_init3         0x800'13a7   0x2e  Code  Gb  copy_init3.o [4]
__iar_data_init3         0x800'1581   0x28  Code  Gb  data_init.o [4]
__iar_init_vfp           0x800'15a9         Code  Gb  fpinit_M.o [3]
__iar_program_start      0x800'1659         Code  Gb  cstartup_M.o [4]
__iar_small_Memcpy       0x800'05b1         Code  Gb  ABImemcpy_small.o [4]
__iar_small_memcpy       0x800'05ad         Code  Gb  ABImemcpy_small.o [4]
__iar_small_memcpy4      0x800'05ad         Code  Gb  ABImemcpy_small.o [4]
__iar_small_memcpy8      0x800'05ad         Code  Gb  ABImemcpy_small.o [4]
__iar_small_uldivmod     0x800'13d5         Code  Gb  I64DivMod_small.o [4]
__iar_zero_init3         0x800'0c53   0x3a  Code  Gb  zero_init3.o [4]
__low_level_init         0x800'160f    0x4  Code  Gb  low_level_init.o [2]
__vector_table           0x800'0000         Data  Gb  startup_stm32f446xx.o [1]
_call_main               0x800'15fd         Code  Gb  cmain.o [4]
_exit                    0x800'1619         Code  Gb  cexit.o [4]
_main                    0x800'160b         Code  Gb  cmain.o [4]
buffer                  0x2000'0120   0x40  Data  Gb  DMA_CIRCULAR.o [1]
exit                     0x800'1613    0x4  Code  Gb  exit.o [2]
hdma_usart2_rx          0x2000'0160   0x60  Data  Gb  DMA_CIRCULAR.o [1]
huart2                  0x2000'01c0   0x40  Data  Gb  DMA_CIRCULAR.o [1]
len                     0x2000'0014    0x4  Data  Gb  DMA_CIRCULAR.o [1]
main                     0x800'029d  0x11c  Code  Gb  DMA_CIRCULAR.o [1]
ptr                     0x2000'001c    0x4  Data  Gb  DMA_CIRCULAR.o [1]
tocopy                  0x2000'0018    0x4  Data  Gb  DMA_CIRCULAR.o [1]
uwTick                  0x2000'0004    0x4  Data  Gb  stm32f4xx_hal.o [1]
uwTickFreq              0x2000'0000    0x1  Data  Gb  stm32f4xx_hal.o [1]
uwTickPrio              0x2000'0008    0x4  Data  Gb  stm32f4xx_hal.o [1]


[1] = E:\CUBEMX\DMA\LINE-1 COPY\EWARM\DMA-IDLE_LINE-1\Obj
[2] = dl7M_tln.a
[3] = m7M_tls.a
[4] = rt7M_tl.a
[5] = shb_l.a

  6'014 bytes of readonly  code memory
     62 bytes of readonly  data memory
  1'600 bytes of readwrite data memory

Errors: none
Warnings: none
